
===== hiv dim=608 p=5 K=400 it=2000  h0=2.0418e+06  floor=0.1078 =====
-- fit() start: Stein R 1.0000  energy 0.1114 (1.0x floor)
      h/h0    SteinR    |R-1|    energy  x floor   thEnrgy    thErr   whsd    sec
         1    0.0802   0.9198    6.5177    60.47    0.4508   0.1110  0.047   12.9
         3    0.1442   0.8558    4.6715    43.34    0.2513   0.1481  0.074    8.4
        10    0.3071   0.6929    2.2059    20.47    0.0520   0.0685  0.307    7.9
        30    0.5222   0.4778    0.8042     7.46    0.0295   0.0399  0.664    7.4
       100    0.7776   0.2224    0.1786     1.66    0.0069   0.0232  0.866    7.5
       300    0.8510   0.1490    0.1094     1.02    0.0199   0.0225  0.921    7.5
      1000    0.8854   0.1146    0.0913     0.85    0.0166   0.0377  0.944   12.3
      3000    0.9314   0.0686    0.0723     0.67    0.0082   0.0238  0.971   12.8
     10000    0.9757   0.0243    0.0669     0.62    0.0095   0.0244  0.993   13.8
     30000    0.9875   0.0125    0.0672     0.62    0.0084   0.0185  1.000    8.4
    100000    0.9964   0.0036    0.0677     0.63    0.0092   0.0218  1.004    8.0
   RULE picks h=100000*h0 (R=0.9964, energy 0.0677 = 0.63x floor)
   ORACLE picks h=10000*h0 (energy 0.0669 = 0.62x floor)   penalty 1.01x  h ratio 10x
-- 0.25x start: Stein R 0.0625  energy 7.3049 (67.8x floor)
      h/h0    SteinR    |R-1|    energy  x floor   thEnrgy    thErr   whsd    sec
         1    0.0241   0.9759    9.6583    89.61    0.7237   0.1345  0.088    7.0
         3    0.0393   0.9607    8.4967    78.83    0.6761   0.1336  0.187    7.0
        10    0.0534   0.9466    7.7051    71.49    0.3685   0.1320  0.224    8.6
        30    0.0541   0.9459    7.6514    70.99    0.5780   0.1333  0.233    7.2
       100    0.0581   0.9419    7.4658    69.27    0.5592   0.1316  0.241    9.1
       300    0.0598   0.9402    7.3698    68.38    0.6048   0.1341  0.246   10.2
      1000    0.0615   0.9385    7.2900    67.64    0.5941   0.1314  0.250    9.3
      3000    0.0621   0.9379    7.2624    67.38    0.6133   0.1331  0.251    7.1
     10000    0.0624   0.9376    7.2502    67.27    0.6112   0.1335  0.251    7.3
     30000    0.0625   0.9375    7.2465    67.23    0.6099   0.1335  0.251    8.8
    100000    0.0625   0.9375    7.2453    67.22    0.6093   0.1332  0.251    7.0
   RULE picks h=100000*h0 (R=0.0625, energy 7.2453 = 67.22x floor)
   ORACLE picks h=100000*h0 (energy 7.2453 = 67.22x floor)   penalty 1.00x  h ratio 1x
