
===== fn d=325 K=400 preconditioned by H^-1 at the MAP | h* = 2d/lnK = 108.5 | floors energy 0.0820 stiffvar 1.010 =====
   checkpoints [2000, 10000, 50000, 100000]
  h=   10*h*    correct  stiffvar   4.679   1.175   2.320  14.634   (61s)
                              e/floor   421.35  716.08  852.69 1191.91
                              Stein R    5.502   2.058  35.951 541552.303
                              KS/floor   10.09    7.96    7.63    8.60
  h=   10*h*   narrow4x  stiffvar   4.839   1.513  11.294  21.033   (60s)
                              e/floor   441.25  835.49 1026.58 5002.15
                              Stein R   23.621  11.666 3697.934 4878693.897
                              KS/floor   11.58    8.42    8.21   15.08
  h=   30*h*    correct  stiffvar  15.449   5.600  31.722 112.696   (61s)
                              e/floor   752.26 1187.42 2589.91 6271.01
                              Stein R  2315.274  21.086 19289.305 1055930687.952
                              KS/floor   16.73   14.85   12.19   15.37
  h=   30*h*   narrow4x  stiffvar  15.604  22.179  11.751  64.962   (60s)
                              e/floor   658.74  586.80  558.23 6142.00
                              Stein R  796574.258 19393.293 970.947 1121298.544
                              KS/floor   17.63   17.10   14.88   15.71
  h=  100*h*    correct  stiffvar   3.774  33.183  57.357 241.480   (61s)
                              e/floor    45.21  540.40 1832.35 5886.69
                              Stein R    8.448 251250473.421 499432.103 145696528.394
                              KS/floor    8.55   12.98   13.90   13.69
  h=  100*h*   narrow4x  stiffvar   0.750   1.025 124.938  68.874   (60s)
                              e/floor     5.19   85.55 19496.95 9476.42
                              Stein R   16.476 603.183 377357909.832 307358.572
                              KS/floor    5.20   16.21   18.63   16.26
