
===== hiv K=400 h0=2.0428e+06 | floors energy 0.1078 stiffvar 0.998 =====
  h=     1000*h0   correct stiffvar@[1000,2000,5000,10000,20000,50000,100000]:   0.918   0.868   0.843   0.826   0.782   0.686   0.571   (360s)
                                 energy  :    0.69    0.77    0.96    1.13    1.26    1.67    2.39
                                 Stein R :   0.933   0.899   0.861   0.841   0.819   0.776   0.723
  h=     1000*h0  narrow4x stiffvar@[1000,2000,5000,10000,20000,50000,100000]:   0.066   0.064   0.058   0.054   0.051   0.050   0.050   (347s)
                                 energy  :   67.41   67.69   68.83   69.97   70.93   71.60   71.40
                                 Stein R :   0.062   0.061   0.059   0.056   0.054   0.053   0.053
  h=    10000*h0   correct stiffvar@[1000,2000,5000,10000,20000,50000,100000]:   1.047   0.998   0.885   0.832   0.811   0.800   0.790   (369s)
                                 energy  :    0.64    0.62    0.72    0.87    1.08    1.32    1.45
                                 Stein R :   0.990   0.972   0.918   0.875   0.840   0.810   0.796
  h=    10000*h0  narrow4x stiffvar@[1000,2000,5000,10000,20000,50000,100000]:   0.067   0.067   0.066   0.064   0.061   0.056   0.053   (717s)
                                 energy  :   67.79   67.26   67.40   68.07   68.21   69.26   70.20
                                 Stein R :   0.062   0.062   0.062   0.061   0.060   0.058   0.056
  h=   100000*h0   correct stiffvar@[1000,2000,5000,10000,20000,50000,100000]:   1.069   1.064   1.037   0.996   0.940   0.864   0.827   (718s)
                                 energy  :    0.65    0.63    0.63    0.62    0.65    1.44    1.08
                                 Stein R :   0.999   0.997   0.987   0.970   0.944   0.900   0.866
  h=   100000*h0  narrow4x stiffvar@[1000,2000,5000,10000,20000,50000,100000]:   0.067   0.067   0.067   0.067   0.066   0.065   0.063   (717s)
                                 energy  :   67.23   67.22   67.25   67.29   67.50   67.53   67.89
                                 Stein R :   0.062   0.062   0.062   0.062   0.062   0.062   0.061
  h=  1000000*h0   correct stiffvar@[1000,2000,5000,10000,20000,50000,100000]:   1.073   1.073   1.070   1.065   1.054   1.026   0.988   (718s)
                                 energy  :    0.66    0.63    0.63    0.82    0.62    0.62    0.62
                                 Stein R :   1.000   1.000   0.999   0.997   0.993   0.981   0.965
  h=  1000000*h0  narrow4x stiffvar@[1000,2000,5000,10000,20000,50000,100000]:   0.067   0.067   0.067   0.067   0.067   0.067   0.067   (709s)
                                 energy  :   67.23   67.21   67.22   67.21   67.22   67.25   67.28
                                 Stein R :   0.063   0.063   0.063   0.062   0.062   0.062   0.062
