
===== fn d=325 K=400 PRECOND + fixed h + fixed step | h*=108.5 | floors energy 0.0820 stiffvar 1.010 KS 0.0482 =====
   start energies: correct 1.65x  narrow 66.21x  wide 261.21x   checkpoints [5000, 25000, 50000, 100000]
  h=   10h* prodigy    correct e/floor      9.09    12.61    12.92    12.70  (226s)
                                       stiffvar    0.536    0.489    0.494    0.498
                                       whsd^2      0.661    0.639    0.632    0.637
                                       Stein R     0.510    0.480    0.477    0.476
                                       KS/floor     3.37     3.89     3.93     3.86
  h=   10h* prodigy   narrow4x e/floor      6.30    11.05    11.96    12.32  (225s)
                                       stiffvar    0.557    0.483    0.488    0.492
                                       whsd^2      0.684    0.636    0.641    0.634
                                       Stein R     0.562    0.490    0.472    0.476
                                       KS/floor     2.80     3.71     3.78     3.98
  h=   10h* prodigy     wide4x e/floor      9.07    11.72    11.65    11.73  (223s)
                                       stiffvar    0.539    0.509    0.510    0.513
                                       whsd^2      0.679    0.647    0.649    0.643
                                       Stein R     0.527    0.492    0.478    0.494
                                       KS/floor     3.30     3.87     3.71     3.72
  h=   10h* 0.01       correct e/floor      0.88     2.20     2.75     2.42  (221s)
                                       stiffvar    0.959    0.787    0.738    0.748
                                       whsd^2      0.908    0.747    0.707    0.719
                                       Stein R     0.907    0.737    0.691    0.702
                                       KS/floor     1.06     1.63     1.85     1.87
  h=   10h* 0.01      narrow4x e/floor     62.75    46.57    29.16    10.08  (221s)
                                       stiffvar    0.077    0.137    0.244    0.494
                                       whsd^2      0.073    0.130    0.231    0.469
                                       Stein R     0.075    0.131    0.232    0.465
                                       KS/floor     9.77     8.34     6.53     3.87
  h=   10h* 0.01        wide4x e/floor    204.46    69.54    10.31     2.84  (221s)
                                       stiffvar   13.180    4.703    1.587    0.788
                                       whsd^2     12.485    4.637    1.610    0.810
                                       Stein R    12.279    4.331    1.526    0.771
                                       KS/floor     6.61     9.69     6.81     3.30
  h=   30h* prodigy    correct e/floor   5642.40   106.83 13503.20  7638.11  (225s)
                                       stiffvar    7.764    1.466   24.699   27.967
                                       whsd^2     29.575   11.303  294.880  328.883
                                       Stein R  10253.783   30.901 312430.762 32709.304
                                       KS/floor    18.44     3.10    15.07    15.80
