
===== fn dim=325 p=3 K=400 it=2000  h0=0.40216  floor=0.0820 =====
-- fit() start: Stein R 1.2499  energy 0.1372 (1.7x floor)
      h/h0    SteinR    |R-1|    energy  x floor   thEnrgy    thErr   whsd    sec
         1    0.0270   0.9730    6.3224    77.06    0.6211   1.0156  0.136    1.8
         3    0.0782   0.9218    4.5249    55.15    0.4317   0.8776  0.255    2.1
        10    0.3263   0.6737    1.4504    17.68    0.1022   0.4589  0.559    3.8
        30    0.6184   0.3816    0.3910     4.77    0.0130   0.1523  0.790    4.0
       100    0.7537   0.2463    0.1926     2.35    0.0051   0.0492  0.859    5.5
       300    0.8619   0.1381    0.1046     1.27    0.0092   0.0705  0.913    3.6
      1000    0.9657   0.0343    0.0685     0.83    0.0351   0.2557  0.952    3.9
      3000    1.0412   0.0412    0.0619     0.75    0.0628   0.3741  0.975    4.2
     10000    1.0905   0.0905    0.0597     0.73    0.0538   0.3501  0.987    4.1
     30000    1.1163   0.1163    0.0579     0.71    0.0289   0.2453  0.993    3.8
    100000    1.1369   0.1369    0.0587     0.72    0.0143   0.1502  0.997    3.6
   RULE picks h=1000*h0 (R=0.9657, energy 0.0685 = 0.83x floor)
   ORACLE picks h=30000*h0 (energy 0.0579 = 0.71x floor)   penalty 1.18x  h ratio 0.0333333x
-- 0.25x start: Stein R 0.0635  energy 5.4346 (66.2x floor)
      h/h0    SteinR    |R-1|    energy  x floor   thEnrgy    thErr   whsd    sec
         1    0.0277   0.9723    6.3188    77.02    0.6189   1.0143  0.139    2.7
         3    0.0949   0.9051    4.1891    51.06    0.3839   0.8383  0.252    2.6
        10    0.3495   0.6505    1.1384    13.88    0.1142   0.4406  0.693    2.9
        30    0.3306   0.6694    1.5670    19.10    0.2742   0.5625  0.596    3.2
       100    0.1157   0.8843    4.1568    50.67    0.7994   0.8864  0.334    2.9
       300    0.0765   0.9235    5.1092    62.27    0.9712   0.9365  0.270    3.4
      1000    0.0670   0.9330    5.3989    65.81    1.0124   0.9401  0.257    3.6
      3000    0.0649   0.9351    5.4672    66.64    1.0034   0.9237  0.252    3.0
     10000    0.0645   0.9355    5.4843    66.85    0.9950   0.9121  0.251    3.0
     30000    0.0645   0.9355    5.4864    66.87    0.9912   0.9073  0.251    3.0
    100000    0.0645   0.9355    5.4861    66.87    0.9920   0.9068  0.251    3.1
   RULE picks h=10*h0 (R=0.3495, energy 1.1384 = 13.88x floor)
   ORACLE picks h=10*h0 (energy 1.1384 = 13.88x floor)   penalty 1.00x  h ratio 1x
