
===== lorenz K=400 h0=138 | floors energy 0.0783 stiffvar 1.014 =====
  h=     1000*h0   correct stiffvar@[1000,2000,5000,10000,20000,50000,100000]:   0.974   0.943   0.877   0.809   0.729   0.632   0.772   (40s)
                                 energy  :    0.63    0.66    0.79    1.02    1.38    1.76    1.71
                                 Stein R :   0.968   0.943   0.898   0.852   0.803   0.761   0.759
  h=     1000*h0  narrow4x stiffvar@[1000,2000,5000,10000,20000,50000,100000]:   0.064   0.064   0.065   0.066   0.069   0.079   0.099   (40s)
                                 energy  :   66.69   66.50   65.70   64.10   60.53   48.89   30.35
                                 Stein R :   0.066   0.066   0.068   0.072   0.082   0.121   0.221
  h=    10000*h0   correct stiffvar@[1000,2000,5000,10000,20000,50000,100000]:   1.012   1.002   0.985   0.965   0.937   0.877   0.814   (40s)
                                 energy  :    0.62    0.61    0.62    0.64    0.67    0.81    1.02
                                 Stein R :   0.995   0.987   0.973   0.958   0.937   0.896   0.854
  h=    10000*h0  narrow4x stiffvar@[1000,2000,5000,10000,20000,50000,100000]:   0.065   0.064   0.064   0.064   0.064   0.065   0.066   (40s)
                                 energy  :   66.65   66.72   66.76   66.78   66.55   65.73   64.04
                                 Stein R :   0.067   0.066   0.066   0.066   0.066   0.068   0.073
  h=   100000*h0   correct stiffvar@[1000,2000,5000,10000,20000,50000,100000]:   1.029   1.024   1.016   1.009   1.001   0.984   0.965   (41s)
                                 energy  :    0.62    0.62    0.62    0.61    0.62    0.62    0.64
                                 Stein R :   1.009   1.005   0.998   0.993   0.985   0.972   0.958
  h=   100000*h0  narrow4x stiffvar@[1000,2000,5000,10000,20000,50000,100000]:   0.065   0.065   0.065   0.065   0.064   0.064   0.064   (40s)
                                 energy  :   66.60   66.62   66.66   66.68   66.68   66.83   66.68
                                 Stein R :   0.067   0.067   0.067   0.067   0.066   0.066   0.066
  h=  1000000*h0   correct stiffvar@[1000,2000,5000,10000,20000,50000,100000]:   1.036   1.035   1.032   1.028   1.023   1.016   1.009   (40s)
                                 energy  :    0.63    0.63    0.62    0.62    0.62    0.62    0.61
                                 Stein R :   1.013   1.012   1.010   1.008   1.004   0.998   0.992
  h=  1000000*h0  narrow4x stiffvar@[1000,2000,5000,10000,20000,50000,100000]:   0.065   0.065   0.065   0.065   0.065   0.065   0.065   (40s)
                                 energy  :   66.61   66.59   66.55   66.55   66.62   66.67   66.75
                                 Stein R :   0.067   0.067   0.067   0.067   0.067   0.067   0.067
