
===== lorenz d=306 K=400 PRECOND + fixed h + fixed step | h*=102.1 | floors energy 0.0783 stiffvar 1.014 KS 0.0483 =====
   start energies: correct 1.24x  narrow 66.40x  wide 265.60x   checkpoints [5000, 25000, 50000, 100000]
  h=   30h* 0.01       correct e/floor      0.64     1.03     1.46     1.73  (44s)
                                       stiffvar    0.990    0.882    0.823    0.791
                                       whsd^2      0.960    0.856    0.800    0.771
                                       Stein R     0.954    0.840    0.780    0.747
                                       KS/floor     0.99     1.08     1.11     1.11
  h=   30h* 0.01      narrow4x e/floor     65.02    58.87    51.27    36.85  (90s)
                                       stiffvar    0.069    0.085    0.111    0.180
                                       whsd^2      0.067    0.083    0.108    0.175
                                       Stein R     0.069    0.085    0.110    0.176
                                       KS/floor     8.41     7.71     6.98     5.66
  h=   30h* 0.01        wide4x e/floor    209.88    79.91    31.84    11.11  (88s)
                                       stiffvar   12.733    4.975    2.497    1.366
                                       whsd^2     12.418    5.051    2.624    1.482
                                       Stein R    11.973    4.463    2.225    1.217
                                       KS/floor     5.73     5.44     5.05     4.79
  h=  100h* 0.01       correct e/floor      0.62     0.68     0.82     1.10  (83s)
                                       stiffvar    1.020    0.968    0.924    0.870
                                       whsd^2      0.990    0.939    0.896    0.844
                                       Stein R     0.990    0.931    0.884    0.829
                                       KS/floor     0.97     1.01     1.04     1.07
  h=  100h* 0.01      narrow4x e/floor     66.09    64.22    61.88    57.23  (85s)
                                       stiffvar    0.066    0.071    0.077    0.091
                                       whsd^2      0.064    0.069    0.075    0.088
                                       Stein R     0.067    0.071    0.077    0.090
                                       KS/floor     8.63     8.32     8.04     7.55
  h=  100h* 0.01        wide4x e/floor    217.95   115.80    67.89    32.78  (87s)
                                       stiffvar   13.143    6.997    4.468    2.736
                                       whsd^2     12.799    6.905    4.466    2.774
                                       Stein R    12.396    6.355    4.036    2.472
                                       KS/floor     5.87     5.38     5.00     4.57
