
===== lorenz dim=306 p=3 K=400 it=2000  h0=135.37  floor=0.0783 =====
-- fit() start: Stein R 1.0173  energy 0.0972 (1.2x floor)
      h/h0    SteinR    |R-1|    energy  x floor   thEnrgy    thErr   whsd    sec
         1    0.0330   0.9670    5.3190    67.93    1.0279   1.7166  0.207    5.2
         3    0.0789   0.9211    3.9188    50.05    0.9906   1.7588  0.311    4.2
        10    0.2771   0.7229    1.5677    20.02    0.2778   1.0699  0.554    4.1
        30    0.5889   0.4111    0.3823     4.88    0.0493   0.4922  0.795    4.0
       100    0.7986   0.2014    0.1118     1.43    0.0126   0.1889  0.898    4.3
       300    0.8937   0.1063    0.0644     0.82    0.0086   0.1115  0.945    3.9
      1000    0.9436   0.0564    0.0526     0.67    0.0091   0.1070  0.969    3.9
      3000    0.9688   0.0312    0.0496     0.63    0.0097   0.1028  0.981    4.4
     10000    0.9858   0.0142    0.0489     0.62    0.0105   0.0979  0.990    4.6
     30000    0.9959   0.0041    0.0489     0.63    0.0111   0.0967  0.995    4.4
    100000    1.0038   0.0038    0.0491     0.63    0.0114   0.0977  1.000    4.2
   RULE picks h=100000*h0 (R=1.0038, energy 0.0491 = 0.63x floor)
   ORACLE picks h=10000*h0 (energy 0.0489 = 0.62x floor)   penalty 1.00x  h ratio 10x
-- 0.25x start: Stein R 0.0624  energy 5.2023 (66.4x floor)
      h/h0    SteinR    |R-1|    energy  x floor   thEnrgy    thErr   whsd    sec
         1    0.0341   0.9659    5.3231    67.98    1.0430   1.7280  0.210    3.3
         3    0.0907   0.9093    3.5380    45.18    0.8692   1.6982  0.341    3.3
        10    0.2625   0.7375    1.7394    22.21    0.4773   1.1440  0.578    3.1
        30    0.1365   0.8635    3.5402    45.21    0.8815   1.2150  0.384    3.2
       100    0.0804   0.9196    4.7913    61.19    1.1447   1.2988  0.282    3.1
       300    0.0691   0.9309    5.1137    65.31    1.1285   1.2346  0.259    3.3
      1000    0.0663   0.9337    5.2158    66.61    0.9953   1.0846  0.252    3.4
      3000    0.0660   0.9340    5.2313    66.81    0.9026   0.9687  0.250    3.5
     10000    0.0663   0.9337    5.2261    66.74    0.8544   0.9009  0.250    3.1
     30000    0.0666   0.9334    5.2231    66.70    0.8391   0.8774  0.251    2.9
    100000    0.0667   0.9333    5.2269    66.75    0.8337   0.8684  0.251    3.0
   RULE picks h=10*h0 (R=0.2625, energy 1.7394 = 22.21x floor)
   ORACLE picks h=10*h0 (energy 1.7394 = 22.21x floor)   penalty 1.00x  h ratio 1x
