
===== fn K=400 h0=0.40567 | floors energy 0.0820 stiffvar 1.010 =====
  h=     1000*h0   correct stiffvar@[1000,2000,5000,10000,20000,50000,100000]:   0.968   0.918   0.826   0.741   0.654   0.581   0.607   (48s)
                                 energy  :    0.73    0.82    1.21    1.64    1.95    1.69    1.22
                                 Stein R :   1.026   0.967   0.874   0.814   0.779   0.791   0.829
  h=     1000*h0  narrow4x stiffvar@[1000,2000,5000,10000,20000,50000,100000]:   0.065   0.066   0.067   0.069   0.073   0.085   0.115   (48s)
                                 energy  :   66.50   65.73   63.21   58.53   48.37   22.11    8.08
                                 Stein R :   0.065   0.067   0.074   0.088   0.125   0.301   0.519
  h=    10000*h0   correct stiffvar@[1000,2000,5000,10000,20000,50000,100000]:   1.030   1.018   0.994   0.963   0.918   0.829   0.746   (49s)
                                 energy  :    0.70    0.71    0.71    0.76    0.88    1.26    1.64
                                 Stein R :   1.113   1.087   1.029   0.980   0.930   0.860   0.811
  h=    10000*h0  narrow4x stiffvar@[1000,2000,5000,10000,20000,50000,100000]:   0.066   0.066   0.065   0.065   0.066   0.067   0.069   (49s)
                                 energy  :   66.87   66.83   66.70   66.39   65.60   63.02   58.35
                                 Stein R :   0.064   0.064   0.065   0.065   0.067   0.074   0.088
  h=   100000*h0   correct stiffvar@[1000,2000,5000,10000,20000,50000,100000]:   1.049   1.044   1.036   1.028   1.017   0.993   0.963   (49s)
                                 energy  :    0.71    0.69    0.68    0.69    0.70    0.71    0.76
                                 Stein R :   1.153   1.140   1.115   1.089   1.060   1.014   0.974
  h=   100000*h0  narrow4x stiffvar@[1000,2000,5000,10000,20000,50000,100000]:   0.066   0.066   0.066   0.066   0.066   0.065   0.065   (49s)
                                 energy  :   66.85   66.87   66.84   66.85   66.84   66.76   66.35
                                 Stein R :   0.064   0.064   0.064   0.064   0.064   0.065   0.065
  h=  1000000*h0   correct stiffvar@[1000,2000,5000,10000,20000,50000,100000]:   1.057   1.056   1.053   1.049   1.043   1.035   1.028   (49s)
                                 energy  :    0.71    0.71    0.70    0.70    0.68    0.68    0.69
                                 Stein R :   1.166   1.164   1.157   1.148   1.134   1.108   1.085
  h=  1000000*h0  narrow4x stiffvar@[1000,2000,5000,10000,20000,50000,100000]:   0.066   0.066   0.066   0.066   0.066   0.066   0.066   (49s)
                                 energy  :   66.83   66.83   66.84   66.83   66.83   66.83   66.84
                                 Stein R :   0.064   0.064   0.064   0.064   0.064   0.064   0.064
