--- fn / float64 --- diagonal curvature x sd^2 (1.0 = Laplace)
  fd_rel       th0       th1       th2
    0.05     1.035     1.112     1.033
     0.2     1.035     1.112     1.033
     0.8     1.035     1.116     1.034
     1.6     1.033     1.128     1.035
     3.2     1.029     1.176     1.040
     6.4     1.022     1.359     1.059
    12.8     1.032     1.967     1.130
    25.6     1.178     3.357        --
    51.2     5.664        --     0.734
     chg     0.000     0.003     0.011     0.042     0.156     0.447     0.706     3.809   <- consecutive relative change

--- fn / float32 --- diagonal curvature x sd^2 (1.0 = Laplace)
  fd_rel       th0       th1       th2
    0.05     0.244     1.123    -0.098
     0.2     0.992     1.123     1.028
     0.8     1.032     1.188     1.063
     1.6     1.031     1.187     1.068
     3.2     1.026     1.191     1.073
     6.4     1.012     1.208     1.086
    12.8     0.990     1.287     1.126
    25.6     0.969     1.620        --
    51.2     5.354        --     0.749
     chg    11.531     0.058     0.005     0.005     0.014     0.066     0.259     4.522   <- consecutive relative change

--- hes1 / float64 --- diagonal curvature x sd^2 (1.0 = Laplace)
  fd_rel       th0       th1       th2       th3       th4       th5       th6
    0.05   102.571    51.321    26.831     7.230     9.675   216.935    84.557
     0.2   102.420    51.377    26.825     7.230     9.677   215.699    84.486
     0.8    99.351    52.275    26.728     7.223     9.705   192.069    83.496
     1.6    85.605    55.291    26.414     7.201     9.786        --    82.173
     3.2        --        --    25.335     7.116    10.332        --    90.314
     6.4        --        --        --     6.835    23.408        --        --
    12.8        --        --        --        --        --        --        --
    25.6        --        --        --        --        --        --        --
    51.2        --        --        --        --        --        --        --
     chg     0.006     0.110     0.138     0.099     1.266        --        --        --   <- consecutive relative change

--- hes1 / float32 --- diagonal curvature x sd^2 (1.0 = Laplace)
  fd_rel       th0       th1       th2       th3       th4       th5       th6
    0.05    89.624    50.037    27.100     7.336     9.558   194.312    90.344
     0.2    89.359    50.036    27.090     7.294     9.576   193.233    90.224
     0.8    86.745    50.890    26.989     7.287     9.604   173.369    89.228
     1.6    75.406    53.743    26.660     7.264     9.677   138.091    88.262
     3.2        --        --    25.557     7.173    10.226        --        --
     6.4        --        --        --     6.876    23.126        --        --
    12.8        --        --        --        --        --        --        --
    25.6        --        --        --        --        --        --        --
    51.2        --        --        --        --        --        --        --
     chg     0.006     0.103     0.203     0.057     1.261        --        --        --   <- consecutive relative change

--- hiv / float64 --- diagonal curvature x sd^2 (1.0 = Laplace)
  fd_rel       th0       th1       th2       th3       th4
    0.05    21.330    21.336     7.620    10.760     5.303
     0.2    21.330    21.336     7.621    10.761     5.303
     0.8    21.330    21.336     7.621    10.761     5.303
     1.6    21.330    21.334     7.622    10.763     5.303
     3.2    21.330    21.329     7.627    10.771     5.303
     6.4    21.330    21.306     7.648    10.804     5.302
    12.8    21.330    21.217     7.727    10.927     5.300
    25.6    21.329    20.866     8.007    11.325     5.292
    51.2    21.329    19.548     8.534    11.561     5.260
     chg     0.000     0.000     0.000     0.001     0.003     0.011     0.036     0.066   <- consecutive relative change

--- hiv / float32 --- diagonal curvature x sd^2 (1.0 = Laplace)
  fd_rel       th0       th1       th2       th3       th4
    0.05    30.640     8.472     2.515     7.715     6.445
     0.2    21.191    20.879     8.913    11.299     4.546
     0.8    21.120    21.891     7.881    10.938     5.235
     1.6    21.161    21.955     7.891    10.991     5.277
     3.2    21.170    21.957     7.890    11.004     5.294
     6.4    21.171    21.934     7.915    11.044     5.295
    12.8    21.172    21.840     8.002    11.179     5.293
    25.6    21.172    21.470     8.309    11.614     5.285
    51.2    21.171    20.083     8.869    11.869     5.254
     chg     2.544     0.152     0.008     0.003     0.004     0.012     0.039     0.067   <- consecutive relative change

--- lorenz / float64 --- diagonal curvature x sd^2 (1.0 = Laplace)
  fd_rel       th0       th1       th2
    0.05     1.152     1.100     1.056
     0.2     1.152     1.100     1.058
     0.8     1.147     1.100     1.076
     1.6     1.130     1.100     1.138
     3.2     1.069     1.101     1.441
     6.4     0.946     1.106     4.198
    12.8     1.068     1.116     1.191
    25.6        --     1.152        --
    51.2        --        --        --
     chg     0.001     0.017     0.058     0.266     1.914     0.716     0.033        --   <- consecutive relative change

--- lorenz / float32 --- diagonal curvature x sd^2 (1.0 = Laplace)
  fd_rel       th0       th1       th2
    0.05     1.318     0.562     1.758
     0.2     1.288     0.780     1.111
     0.8     1.300     0.770     1.108
     1.6     1.288     0.767     1.201
     3.2     1.247     0.765     1.760
     6.4     1.168     0.761        --
    12.8        --     0.738        --
    25.6        --     0.648        --
    51.2        --        --        --
     chg     0.389     0.013     0.084     0.465     0.063     0.030     0.121        --   <- consecutive relative change

