
===== fn  dim=325  p=3  K=400  maxit=1000 =====
                   variant   energy  thEnrgy    moved   SteinR    thErr  sdrat   whsd   band profile (soft -> stiff)         sec
        START fit() sample   0.1372   0.0087   0.0000   1.2499   0.0768  1.018  1.004    0.977  0.984  1.026  1.009  1.031       0.0
          standard, 100 it   6.1097   0.1783   6.2471   0.0303   0.6142  0.804  0.131    0.215  0.010  0.003  0.002  0.001       6.4
          standard, 200 it   6.5127   0.4383   6.6387   0.0236   0.8825  0.737  0.116    0.172  0.008  0.002  0.001  0.002      12.8
          standard, 500 it   6.8194   0.6670   6.9301   0.0197   1.0005  0.692  0.108    0.143  0.007  0.002  0.001  0.000      32.1
         standard, 1000 it   6.8469   0.6743   6.9534   0.0194   1.0123  0.692  0.106    0.141  0.008  0.002  0.001  0.001      64.2
        reweighted, 100 it   3.9923   0.0184   4.0767   0.2427   0.1668  0.962  0.413    0.476  0.203  0.158  0.167  0.203       6.0
        reweighted, 200 it   4.2472   0.0276   4.3384   0.1965   0.1821  0.965  0.345    0.471  0.238  0.144  0.055  0.094      12.0
        reweighted, 500 it   4.5859   0.0324   4.7112   0.1942   0.2621  0.971  0.297    0.504  0.265  0.128  0.034  0.086      30.0
       reweighted, 1000 it   4.6522   0.0533   4.8129   0.1621   0.3701  0.994  0.270    0.579  0.135  0.064  0.021  0.101      60.1
            matrix, 100 it   5.5739   0.0945   5.7189   0.0440   0.4661  0.842  0.166    0.270  0.017  0.010  0.003  0.002       5.6
            matrix, 200 it   6.0094   0.2029   6.1513   0.0321   0.6740  0.790  0.134    0.221  0.013  0.006  0.002  0.001      11.3
            matrix, 500 it   6.4437   0.4808   6.5656   0.0255   0.9108  0.727  0.117    0.173  0.011  0.003  0.002  0.001      28.2
           matrix, 1000 it   6.9809   0.5532   7.0698   0.0191   0.9127  0.684  0.106    0.127  0.007  0.002  0.002  0.001      56.4
           precond, 100 it   2.0512   0.0617   2.0773   2.6355   0.1527  0.880  1.136    0.258  0.286  0.436  4.100  8.348       4.1
           precond, 200 it   2.7094   0.1232   2.8034   2.8505   0.3539  1.120  1.533    0.601  0.260  0.147  3.223 10.883       8.1
           precond, 500 it   5.2936   0.3763   5.5371   3.0652   0.9420  1.747  2.381    2.526  1.457  0.575  2.812 12.339      20.3
          precond, 1000 it  11.3790   0.8264  11.7077   4.4022   1.8473  2.396  2.714    6.330  4.974  1.861  3.626 15.472      40.7
  FLOOR: K=400 exact draws   0.0820   0.0055            1.0000   0.0100  1.000  1.000    0.990  0.988  0.995  0.986  1.010
