
===== lorenz  dim=306  R=8 replicates of exact reference draws =====
        kernel      K   d/dt log var, by band (soft -> stiff), +/- 1 se over replicates
      standard    100   -1.00e-01+-1.2e-03  -4.66e-01+-2.8e-03  -7.40e-01+-4.8e-03  -1.05e+00+-6.7e-03  -2.76e+00+-4.2e-02
                drift   -1.03e-03+-9.4e-04  -8.77e-03+-4.9e-03  -9.80e-03+-7.7e-03  +4.81e-04+-1.2e-02  -4.45e-02+-5.9e-02
      standard    400   -2.59e-02+-1.1e-04  -1.20e-01+-3.6e-04  -1.90e-01+-8.9e-04  -2.74e-01+-1.2e-03  -6.93e-01+-7.8e-03
                drift   -9.80e-04+-4.1e-04  -1.26e-03+-1.9e-03  +2.90e-04+-2.5e-03  +1.79e-03+-2.5e-03  -1.43e-02+-1.6e-02
      standard   1600   -6.62e-03+-1.5e-05  -3.07e-02+-8.0e-05  -4.80e-02+-8.9e-05  -6.94e-02+-1.3e-04  -1.73e-01+-1.2e-03
                drift   +7.36e-05+-4.7e-05  -8.43e-04+-1.5e-04  +3.77e-04+-4.0e-04  -5.89e-04+-4.6e-04  -1.23e-02+-2.9e-03
    reweighted    100   -1.96e+07+-9.2e+05  -9.06e+07+-4.0e+06  -1.44e+08+-6.2e+06  -2.07e+08+-9.4e+06  -5.36e+08+-2.4e+07
                drift   -1.82e+05+-1.8e+05  -1.53e+06+-1.0e+06  -2.07e+06+-1.6e+06  +5.02e+05+-2.0e+06  -7.39e+05+-1.2e+07
    reweighted    400   -5.58e+06+-1.2e+05  -2.62e+07+-6.3e+05  -4.15e+07+-1.0e+06  -5.99e+07+-1.5e+06  -1.52e+08+-4.5e+06
                drift   -2.36e+05+-9.7e+04  -2.95e+05+-4.0e+05  +7.36e+04+-5.9e+05  +2.23e+05+-5.6e+05  -3.36e+06+-3.5e+06
    reweighted   1600   -1.46e+06+-7.4e+03  -7.08e+06+-3.6e+04  -1.11e+07+-5.4e+04  -1.61e+07+-5.5e+04  -4.03e+07+-3.9e+05
                drift   +1.53e+04+-1.1e+04  -1.90e+05+-3.7e+04  +8.14e+04+-9.8e+04  -1.47e+05+-1.1e+05  -2.88e+06+-7.0e+05
        matrix    100   -1.59e-01+-1.5e-03  -8.16e-01+-6.9e-03  -1.32e+00+-9.5e-03  -1.38e+00+-8.4e-03  -1.49e+00+-1.0e-02
                drift   -7.36e-04+-1.7e-03  -9.44e-03+-9.9e-03  -1.27e-02+-1.3e-02  -1.55e-02+-1.5e-02  +4.84e-03+-1.6e-02
        matrix    400   -4.08e-02+-2.4e-04  -2.10e-01+-7.8e-04  -3.37e-01+-1.0e-03  -3.56e-01+-1.2e-03  -3.79e-01+-1.9e-03
                drift   -1.54e-03+-7.0e-04  -2.40e-03+-2.9e-03  -9.31e-05+-5.0e-03  -3.77e-04+-3.9e-03  -8.54e-04+-4.1e-03
        matrix   1600   -1.04e-02+-2.1e-05  -5.34e-02+-1.6e-04  -8.48e-02+-1.6e-04  -8.97e-02+-1.1e-04  -9.49e-02+-2.7e-04
                drift   +3.09e-04+-1.1e-04  -1.11e-03+-3.5e-04  +8.71e-04+-7.1e-04  -1.11e-03+-5.6e-04  -3.92e-03+-1.2e-03
