      kernel        opt     d      K    K/d  var ratio      x d   SteinR    sec
    standard    prodigy     2     50  25.00    0.87955    1.759   0.8795    4.1
    standard    prodigy     2    100  50.00    0.92303    1.846   0.9230    6.1
    standard    prodigy     2    400 200.00    0.96652    1.933   0.9665    3.0
    standard    prodigy     2   1600 800.00    0.98859    1.977   0.9886    4.7
    standard    prodigy     5     50  10.00    0.65221    3.261   0.6522    3.2
    standard    prodigy     5    100  20.00    0.72122    3.606   0.7212    5.8
    standard    prodigy     5    400  80.00    0.83070    4.153   0.8307    2.2
    standard    prodigy     5   1600 320.00    0.91324    4.566   0.9132    4.7
    standard    prodigy    10     50   5.00    0.26662    2.666   0.2666    3.6
    standard    prodigy    10    100  10.00    0.44061    4.406   0.4406    5.6
    standard    prodigy    10    400  40.00    0.58226    5.823   0.5823    2.2
    standard    prodigy    10   1600 160.00    0.67798    6.780   0.6780    5.0
    standard    prodigy    25     50   2.00    0.15051    3.763   0.1505    3.3
    standard    prodigy    25    100   4.00    0.15465    3.866   0.1547    7.3
    standard    prodigy    25    400  16.00    0.24475    6.119   0.2448    2.5
    standard    prodigy    25   1600  64.00    0.38236    9.559   0.3824    5.4
    standard    prodigy    50     50   1.00    0.07831    3.915   0.0783    4.0
    standard    prodigy    50    100   2.00    0.09029    4.514   0.0903    5.6
    standard    prodigy    50    400   8.00    0.10904    5.452   0.1090    1.8
    standard    prodigy    50   1600  32.00    0.17078    8.539   0.1708    4.8
    standard    prodigy   100     50   0.50    0.03907    3.907   0.0391    2.6
    standard    prodigy   100    100   1.00    0.04660    4.660   0.0466    5.0
    standard    prodigy   100    400   4.00    0.05863    5.863   0.0586    2.0
    standard    prodigy   100   1600  16.00    0.07677    7.677   0.0768    4.6
    standard    prodigy   200     50   0.25    0.01943    3.886   0.0194    2.4
    standard    prodigy   200    100   0.50    0.02303    4.606   0.0230    5.1
    standard    prodigy   200    400   2.00    0.03012    6.024   0.0301    2.5
    standard    prodigy   200   1600   8.00    0.03872    7.744   0.0387    5.4
    standard    prodigy   325     50   0.15    0.01297    4.217   0.0130    1.8
    standard    prodigy   325    100   0.31    0.01414    4.596   0.0141    3.6
    standard    prodigy   325    400   1.23    0.01834    5.961   0.0183    2.0
    standard    prodigy   325   1600   4.92    0.02413    7.841   0.0241    5.0
    standard    prodigy   608     50   0.08    0.00642    3.904   0.0064    4.3
    standard    prodigy   608    100   0.16    0.00756    4.598   0.0076    5.6
    standard    prodigy   608    400   0.66    0.00987    5.999   0.0099    2.7
    standard    prodigy   608   1600   2.63    0.01221    7.422   0.0122    7.2
    standard   sgd 1e-2     2     50  25.00    0.85179    1.704   0.8518    2.6
    standard   sgd 1e-2     2    100  50.00    0.89735    1.795   0.8974    3.2
    standard   sgd 1e-2     2    400 200.00    0.99022    1.980   0.9902    1.7
    standard   sgd 1e-2     2   1600 800.00    0.98778    1.976   0.9878    3.4
    standard   sgd 1e-2     5     50  10.00    0.69110    3.455   0.6911    1.5
    standard   sgd 1e-2     5    100  20.00    0.81425    4.071   0.8143    3.5
    standard   sgd 1e-2     5    400  80.00    0.93319    4.666   0.9332    1.2
    standard   sgd 1e-2     5   1600 320.00    0.98148    4.907   0.9815    3.7
    standard   sgd 1e-2    10     50   5.00    0.57134    5.713   0.5713    2.1
    standard   sgd 1e-2    10    100  10.00    0.69897    6.990   0.6990    3.9
    standard   sgd 1e-2    10    400  40.00    0.91111    9.111   0.9111    1.5
    standard   sgd 1e-2    10   1600 160.00    0.97105    9.711   0.9711    3.1
    standard   sgd 1e-2    25     50   2.00    0.47465   11.866   0.4746    1.4
    standard   sgd 1e-2    25    100   4.00    0.68306   17.076   0.6831    2.7
    standard   sgd 1e-2    25    400  16.00    0.90268   22.567   0.9027    0.9
    standard   sgd 1e-2    25   1600  64.00    0.97877   24.469   0.9788    3.1
    standard   sgd 1e-2    50     50   1.00    0.46646   23.323   0.4665    1.3
    standard   sgd 1e-2    50    100   2.00    0.66998   33.499   0.6700    2.3
    standard   sgd 1e-2    50    400   8.00    0.89670   44.835   0.8967    1.0
    standard   sgd 1e-2    50   1600  32.00    0.97407   48.704   0.9741    3.1
    standard   sgd 1e-2   100     50   0.50    0.45386   45.386   0.4539    1.3
    standard   sgd 1e-2   100    100   1.00    0.66860   66.860   0.6686    2.5
    standard   sgd 1e-2   100    400   4.00    0.90654   90.654   0.9065    1.2
    standard   sgd 1e-2   100   1600  16.00    0.97842   97.842   0.9784    3.8
    standard   sgd 1e-2   200     50   0.25    0.45064   90.129   0.4506    2.1
    standard   sgd 1e-2   200    100   0.50    0.66294  132.588   0.6629    2.7
    standard   sgd 1e-2   200    400   2.00    0.90226  180.452   0.9023    1.4
    standard   sgd 1e-2   200   1600   8.00    0.97804  195.608   0.9780    3.7
    standard   sgd 1e-2   325     50   0.15    0.44806  145.619   0.4481    1.9
    standard   sgd 1e-2   325    100   0.31    0.66477  216.052   0.6648    3.9
    standard   sgd 1e-2   325    400   1.23    0.90530  294.222   0.9053    1.6
    standard   sgd 1e-2   325   1600   4.92    0.97716  317.576   0.9772    4.2
    standard   sgd 1e-2   608     50   0.08    0.44758  272.129   0.4476    1.6
    standard   sgd 1e-2   608    100   0.16    0.66653  405.248   0.6665    2.4
    standard   sgd 1e-2   608    400   0.66    0.90521  550.367   0.9052    1.3
    standard   sgd 1e-2   608   1600   2.63    0.97620  593.528   0.9762    5.1
  reweighted    prodigy     2     50  25.00    0.95296    1.906   0.9530    1.8
  reweighted    prodigy     2    100  50.00    1.17410    2.348   1.1741    2.9
  reweighted    prodigy     2    400 200.00    0.98942    1.979   0.9894    1.8
  reweighted    prodigy     2   1600 800.00    0.99615    1.992   0.9961    3.4
  reweighted    prodigy     5     50  10.00    1.00416    5.021   1.0042    1.5
  reweighted    prodigy     5    100  20.00    0.95730    4.786   0.9573    2.5
  reweighted    prodigy     5    400  80.00    0.98074    4.904   0.9807    1.7
  reweighted    prodigy     5   1600 320.00    0.99669    4.983   0.9967    3.4
  reweighted    prodigy    10     50   5.00    0.55507    5.551   0.5551    1.8
  reweighted    prodigy    10    100  10.00    0.92153    9.215   0.9215    3.2
  reweighted    prodigy    10    400  40.00    1.09386   10.939   1.0939    1.4
  reweighted    prodigy    10   1600 160.00    0.99089    9.909   0.9909    3.4
  reweighted    prodigy    25     50   2.00    0.56589   14.147   0.5659    1.5
  reweighted    prodigy    25    100   4.00    0.32518    8.130   0.3252    4.1
  reweighted    prodigy    25    400  16.00    0.51252   12.813   0.5125    2.0
  reweighted    prodigy    25   1600  64.00    0.67278   16.819   0.6728    3.6
  reweighted    prodigy    50     50   1.00    0.42887   21.444   0.4289    1.6
  reweighted    prodigy    50    100   2.00    0.44116   22.058   0.4412    4.3
  reweighted    prodigy    50    400   8.00    0.49951   24.976   0.4995    2.1
  reweighted    prodigy    50   1600  32.00    0.48776   24.388   0.4878    4.1
  reweighted    prodigy   100     50   0.50    0.29124   29.124   0.2912    1.5
  reweighted    prodigy   100    100   1.00    0.28651   28.651   0.2865    2.8
  reweighted    prodigy   100    400   4.00    0.28359   28.359   0.2836    1.6
  reweighted    prodigy   100   1600  16.00    0.30836   30.836   0.3084    3.9
  reweighted    prodigy   200     50   0.25    0.11628   23.257   0.1163    1.3
  reweighted    prodigy   200    100   0.50    0.12750   25.501   0.1275    2.7
  reweighted    prodigy   200    400   2.00    0.09895   19.790   0.0990    1.6
  reweighted    prodigy   200   1600   8.00    0.09797   19.593   0.0980    4.0
  reweighted    prodigy   325     50   0.15    0.06909   22.453   0.0691    1.7
  reweighted    prodigy   325    100   0.31    0.08076   26.247   0.0808    2.4
  reweighted    prodigy   325    400   1.23    0.05404   17.564   0.0540    1.4
  reweighted    prodigy   325   1600   4.92    0.05514   17.920   0.0551    4.0
  reweighted    prodigy   608     50   0.08    0.02890   17.573   0.0289    1.3
  reweighted    prodigy   608    100   0.16    0.03136   19.068   0.0314    2.3
  reweighted    prodigy   608    400   0.66    0.02726   16.577   0.0273    1.5
  reweighted    prodigy   608   1600   2.63    0.02742   16.672   0.0274    5.1
  reweighted   sgd 1e-2     2     50  25.00    0.95007    1.900   0.9501    0.9
  reweighted   sgd 1e-2     2    100  50.00    0.96533    1.931   0.9653    1.8
  reweighted   sgd 1e-2     2    400 200.00    0.98764    1.975   0.9876    0.7
  reweighted   sgd 1e-2     2   1600 800.00    0.99590    1.992   0.9959    2.4
  reweighted   sgd 1e-2     5     50  10.00    0.90729    4.536    reweighted     reweighted   sgd 1e-2     5    100  20.00    0.92263    4.613   0.9226    1.8
  reweighted   sgd 1e-2     5    400  80.00    0.95064    4.753    reweighted    prodigy    10   1600 160.00    0.98964    9.896   0.9896    4.7
  reweighted    prodigy    25     50   2.00    0.56460   14.115   0.5646    1.8
  reweighted    prodigy    25    100   4.00    0.32518    8.130   0.3252    2.7
  reweighted    prodigy    25    400  16.00    0.51816   12.954   0.5182    1.4
  reweighted    prodigy    25   1600  64.00    0.69235   17.309   0.6923    5.6
  reweighted    prodigy    50     50   1.00    0.42887   21.444   0.4289    1.3
  reweighted    prodigy    50    100   2.00    0.44116   22.058   0.4412    2.6
  reweighted    prodigy    50    400   8.00    0.49951   24.976   0.4995    1.3
  reweighted    prodigy    50   1600  32.00    0.48776   24.388   0.4878    6.4
  reweighted    prodigy   100     50   0.50    0.29124   29.124   0.2912    1.4
  reweighted    prodigy   100    100   1.00    0.28651   28.651   0.2865    2.7
  reweighted    prodigy   100    400   4.00    0.28359   28.359   0.2836    1.6
  reweighted    prodigy   100   1600  16.00    0.30836   30.836   0.3084    8.2
  reweighted    prodigy   200     50   0.25    0.11628   23.257   0.1163    1.4
  reweighted    prodigy   200    100   0.50    0.12750   25.501   0.1275    2.7
  reweighted    prodigy   200    400   2.00    0.09895   19.790   0.0990    1.9
  reweighted    prodigy   200   1600   8.00    0.09797   19.593   0.0980   12.7
  reweighted    prodigy   325     50   0.15    0.06909   22.453   0.0691    1.5
  reweighted    prodigy   325    100   0.31    0.08076   26.247   0.0808    3.1
  reweighted    prodigy   325    400   1.23    0.05404   17.564   0.0540    2.6
  reweighted    prodigy   325   1600   4.92    0.05514   17.919   0.0551   17.5
  reweighted    prodigy   608     50   0.08    0.02890   17.574   0.0289    2.1
  reweighted    prodigy   608    100   0.16    0.03136   19.068   0.0314    3.6
  reweighted    prodigy   608    400   0.66    0.02918   17.739   0.0292    3.8
  reweighted    prodigy   608   1600   2.63    0.02774   16.866   0.0277   28.5
  reweighted   sgd 1e-2     2     50  25.00    0.95007    1.900   0.9501    1.9
  reweighted   sgd 1e-2     2    100  50.00    0.96533    1.931   0.9653    2.9
  reweighted   sgd 1e-2     2    400 200.00    0.98764    1.975   0.9876    0.9
  reweighted   sgd 1e-2     2   1600 800.00    0.99590    1.992   0.9959    4.4
  reweighted   sgd 1e-2     5     50  10.00    0.90729    4.536   0.9073    1.2
  reweighted   sgd 1e-2     5    100  20.00    0.92263    4.613   0.9226    2.6
  reweighted   sgd 1e-2     5    400  80.00    0.95064    4.753   0.9506    0.9
  reweighted   sgd 1e-2     5   1600 320.00    0.97067    4.853   0.9707    4.5
  reweighted   sgd 1e-2    10     50   5.00        nan      nan      nan    1.3
  reweighted   sgd 1e-2    10    100  10.00        nan      nan      nan    2.5
  reweighted   sgd 1e-2    10    400  40.00 361962145383917858362436584955699963817906289804624174297249230897025122304.00000 3619621453839178483190738083370107416806432126723579085334805197545699016704.000 361962145383919113782783662291852730975790931337907394768338123703927701504.0000    0.8
  reweighted   sgd 1e-2    10   1600 160.00        nan      nan      nan    4.0
  reweighted   sgd 1e-2    25     50   2.00        nan      nan      nan    0.8
  reweighted   sgd 1e-2    25    100   4.00        nan      nan      nan    3.0
  reweighted   sgd 1e-2    25    400  16.00        nan      nan      nan    1.4
  reweighted   sgd 1e-2    25   1600  64.00        nan      nan      nan    5.1
  reweighted   sgd 1e-2    50     50   1.00        nan      nan      nan    1.2
  reweighted   sgd 1e-2    50    100   2.00        nan      nan      nan    3.0
  reweighted   sgd 1e-2    50    400   8.00        nan      nan      nan    1.6
  reweighted   sgd 1e-2    50   1600  32.00        nan      nan      nan    7.1
  reweighted   sgd 1e-2   100     50   0.50        nan      nan      nan    1.8
  reweighted   sgd 1e-2   100    100   1.00        nan      nan      nan    4.0
  reweighted   sgd 1e-2   100    400   4.00        nan      nan      nan    2.2
  reweighted   sgd 1e-2   100   1600  16.00        nan      nan      nan    9.7
  reweighted   sgd 1e-2   200     50   0.25        nan      nan      nan    3.1
  reweighted   sgd 1e-2   200    100   0.50        nan      nan      nan    5.9
  reweighted   sgd 1e-2   200    400   2.00        nan      nan      nan    2.2
  reweighted   sgd 1e-2   200   1600   8.00        nan      nan      nan   14.2
  reweighted   sgd 1e-2   325     50   0.15        nan      nan      nan    3.4
  reweighted   sgd 1e-2   325    100   0.31        nan      nan      nan    5.4
  reweighted   sgd 1e-2   325    400   1.23        nan      nan      nan    3.3
  reweighted   sgd 1e-2   325   1600   4.92        nan      nan      nan   18.6
  reweighted   sgd 1e-2   608     50   0.08        nan      nan      nan    2.2
  reweighted   sgd 1e-2   608    100   0.16        nan      nan      nan    4.9
  reweighted   sgd 1e-2   608    400   0.66        nan      nan      nan    3.9
  reweighted   sgd 1e-2   608   1600   2.63        nan      nan      nan   28.9
