
===== fn  dim=325  R=8 replicates of exact reference draws =====
        kernel      K   d/dt log var, by band (soft -> stiff), +/- 1 se over replicates
      standard    100   -2.30e+01+-2.2e-01  -7.83e+01+-5.9e-01  -9.95e+01+-8.9e-01  -3.48e+02+-2.5e+00  -5.31e+02+-2.9e+00
                drift   +3.75e-02+-4.7e-01  +9.33e-02+-6.1e-01  +1.28e+00+-1.3e+00  -5.54e+00+-3.6e+00  -4.18e+00+-5.4e+00
      standard    400   -5.90e+00+-1.9e-02  -2.02e+01+-5.8e-02  -2.55e+01+-6.4e-02  -8.92e+01+-3.7e-01  -1.36e+02+-3.6e-01
                drift   +1.18e-01+-9.7e-02  +9.78e-02+-1.9e-01  +4.77e-01+-2.4e-01  +7.99e-01+-8.8e-01  +1.19e+00+-1.4e+00
      standard   1600   -1.51e+00+-2.7e-03  -5.11e+00+-1.4e-02  -6.41e+00+-7.4e-03  -2.25e+01+-2.9e-02  -3.44e+01+-3.6e-02
                drift   +6.41e-02+-1.4e-02  +2.40e-01+-4.2e-02  +1.69e-01+-4.1e-02  +1.06e-01+-1.3e-01  +2.32e-01+-1.8e-01
    reweighted    100   -4.48e+09+-1.4e+08  -1.53e+10+-5.4e+08  -1.95e+10+-7.2e+08  -6.84e+10+-2.8e+09  -1.06e+11+-3.5e+09
                drift   +1.23e+07+-1.0e+08  -1.55e+07+-1.2e+08  +2.40e+08+-2.9e+08  -1.53e+09+-8.4e+08  -4.58e+08+-1.1e+09
    reweighted    400   -1.28e+09+-3.0e+07  -4.44e+09+-1.1e+08  -5.61e+09+-1.5e+08  -1.97e+10+-4.4e+08  -3.01e+10+-7.6e+08
                drift   +2.78e+07+-2.3e+07  +2.20e+07+-4.2e+07  +1.15e+08+-5.5e+07  +2.00e+08+-2.1e+08  +2.67e+08+-3.2e+08
    reweighted   1600   -3.32e+08+-8.0e+05  -1.18e+09+-3.8e+06  -1.48e+09+-5.4e+06  -5.28e+09+-1.7e+07  -8.06e+09+-2.8e+07
                drift   +1.54e+07+-3.4e+06  +5.77e+07+-1.0e+07  +4.12e+07+-1.0e+07  +2.39e+07+-3.2e+07  +5.34e+07+-4.3e+07
        matrix    100   -5.88e+01+-6.8e-01  -2.26e+02+-6.0e-01  -2.52e+02+-2.3e+00  -2.20e+02+-1.8e+00  -3.18e+02+-1.5e+00
                drift   -1.70e-02+-1.0e+00  -1.58e+00+-2.2e+00  +2.45e+00+-3.1e+00  -2.92e+00+-2.1e+00  -1.69e+00+-3.1e+00
        matrix    400   -1.50e+01+-8.2e-02  -5.80e+01+-1.7e-01  -6.41e+01+-1.3e-01  -5.64e+01+-1.8e-01  -8.14e+01+-1.8e-01
                drift   +3.33e-01+-2.2e-01  -3.71e-03+-5.3e-01  +1.25e+00+-5.5e-01  +5.31e-01+-4.4e-01  +1.00e+00+-7.5e-01
        matrix   1600   -3.83e+00+-4.4e-03  -1.47e+01+-4.5e-02  -1.61e+01+-1.4e-02  -1.42e+01+-1.8e-02  -2.06e+01+-1.7e-02
                drift   +1.61e-01+-3.0e-02  +4.63e-01+-1.0e-01  +5.54e-01+-9.9e-02  +2.16e-02+-7.6e-02  +1.12e-01+-1.0e-01
