
===== hiv  dim=608  p=5  K=400  maxit=1000 =====
                   variant   energy  thEnrgy    moved   SteinR    thErr  sdrat   whsd   band profile (soft -> stiff)         sec
        START fit() sample   0.1114   0.0148   0.0000   1.0000   0.0959  1.003  1.006    0.984  1.022  0.998  1.032  1.037       0.0
          standard, 100 it   2.4792   0.2594   2.5831   0.3142   0.1145  0.414  0.218    0.874  0.354  0.009  0.005  0.347       2.8
          standard, 200 it   3.7764   0.0751   3.8976   0.2217   0.1145  0.172  0.200    0.759  0.065  0.004  0.003  0.292       5.6
          standard, 500 it   5.7389   2.3062   5.8898   0.1199   0.6726  0.096  0.061    0.585  0.003  0.002  0.002  0.013      14.0
         standard, 1000 it   6.6021   1.2177   6.7603   0.0827   0.3458  0.084  0.051    0.401  0.001  0.001  0.001  0.013      28.1
        reweighted, 100 it   2.3396   0.6138   2.4429   0.3231   0.2346  0.477  0.226    0.885  0.404  0.011  0.006  0.327       2.8
        reweighted, 200 it   3.3268   0.3157   3.4501   0.2395   0.1366  0.182  0.181    0.796  0.132  0.005  0.003  0.274       5.7
        reweighted, 500 it   4.1647   0.2687   4.2924   0.1710   0.1732  0.111  0.134    0.695  0.022  0.003  0.002  0.143      14.1
       reweighted, 1000 it   4.4521   0.6481   4.5988   0.1668   0.2895  0.098  0.092    0.590  0.004  0.002  0.002  0.244      28.3
            matrix, 100 it 148.7804 131.2985 148.7439 32209.9076  69.3344 17.718 51.332    7.662 458.843 187.778 209.479 240301.900       2.7
            matrix, 200 it 215543.7262 180283.9155 215543.4983 6582162990537.5400 9570.7725 1375.916 8578.373   102700.457 619777.336 7243367.037 14632223.274 8597648868.568       5.4
            matrix, 500 it 1782580.8139 1534095.5122 1782580.5507 660997980167189.0000 255919.9524 3384.279 42156.838   902358.940 6533886.404 123451137.351 122708282.249 201677906732.140      13.6
           matrix, 1000 it 1343796.6314 1118820.8083 1343796.3465 226343713855841.4688 255959.2240 1945.029 45006.053   2124472.518 31244667.718 1652994213.779 313073778.085 233364882733.823      27.2
           precond, 100 it   6.9948   0.6380   7.1572   0.0724   0.0840  0.141  0.121    0.022  0.026  0.037  0.031  0.254       3.7
           precond, 200 it   3.2984   2.9436   3.4355   0.2627   0.6569  0.135  0.165    0.072  0.081  0.153  0.008  1.063       7.3
           precond, 500 it   1.5999   6.7492   1.6955   0.6675   1.8907  0.211  0.331    0.174  0.254  0.469  0.016  2.830      18.3
          precond, 1000 it   1.7392   9.1857   1.8065   0.9737   2.8446  0.255  0.448    0.246  0.412  0.738  0.025  4.353      36.6
  FLOOR: K=400 exact draws   0.1078   0.0056            1.0000   0.0081  1.000  1.000    1.002  1.009  1.007  0.998  0.991
