
===== hiv  dim=608  R=8 replicates of exact reference draws =====
        kernel      K   d/dt log var, by band (soft -> stiff), +/- 1 se over replicates
      standard    100   -3.47e-05+-3.9e-07  -1.18e-03+-4.5e-06  -2.37e-02+-1.2e-04  -5.42e-02+-1.8e-04  -1.43e+02+-3.8e+00
                drift   +3.58e-07+-2.7e-07  -3.30e-06+-1.0e-05  -3.75e-05+-1.2e-04  -6.41e-05+-3.1e-04  -4.93e-01+-5.0e+00
      standard    400   -8.83e-06+-3.9e-08  -2.99e-04+-9.5e-07  -6.03e-03+-9.7e-06  -1.38e-02+-4.3e-05  -3.75e+01+-7.0e-01
                drift   -3.87e-08+-3.0e-08  -1.14e-06+-8.1e-07  +9.13e-06+-1.1e-05  -2.27e-05+-2.4e-05  +4.29e-01+-5.6e-01
      standard   1600   -2.25e-06+-4.6e-09  -7.51e-05+-1.2e-07  -1.52e-03+-1.6e-06  -3.45e-03+-4.0e-06  -9.51e+00+-3.9e-02
                drift   -5.89e-09+-4.1e-09  -5.89e-07+-8.7e-08  +1.59e-06+-1.5e-06  -5.35e-06+-3.6e-06  +1.64e-01+-6.0e-02
    reweighted    100   -7.66e+03+-2.3e+02  -2.59e+05+-7.7e+03  -5.25e+06+-1.3e+05  -1.20e+07+-3.1e+05  -3.16e+10+-1.1e+09
                drift   +1.03e+02+-6.9e+01  -7.90e+02+-2.4e+03  -2.00e+04+-2.8e+04  -1.27e+04+-7.1e+04  +2.47e+07+-1.1e+09
    reweighted    400   -2.10e+03+-1.3e+01  -7.11e+04+-2.6e+02  -1.44e+06+-7.0e+03  -3.28e+06+-1.9e+04  -8.94e+09+-1.6e+08
                drift   -9.49e+00+-7.4e+00  -2.82e+02+-1.9e+02  +2.20e+03+-2.6e+03  -5.84e+03+-6.0e+03  +1.03e+08+-1.4e+08
    reweighted   1600   -5.38e+02+-2.6e+00  -1.80e+04+-5.8e+01  -3.64e+05+-1.4e+03  -8.29e+05+-2.8e+03  -2.28e+09+-1.2e+07
                drift   -1.55e+00+-1.0e+00  -1.42e+02+-2.1e+01  +4.16e+02+-3.7e+02  -1.24e+03+-8.7e+02  +4.09e+07+-1.5e+07
        matrix    100   -4.56e+00+-1.2e-01  -1.73e+01+-4.0e-01  -2.20e+01+-5.6e-01  -3.32e+01+-9.3e-01  -4.04e+01+-1.1e+00
                drift   +4.66e-02+-3.2e-02  -8.99e-02+-7.3e-02  -3.97e-02+-1.1e-01  -2.67e-02+-1.5e-01  +1.43e-01+-1.2e-01
        matrix    400   -1.19e+00+-1.6e-02  -4.52e+00+-7.5e-02  -5.78e+00+-1.0e-01  -8.70e+00+-1.7e-01  -1.06e+01+-1.9e-01
                drift   -4.75e-03+-2.9e-03  -5.24e-03+-9.5e-03  -7.46e-04+-1.1e-02  -1.64e-02+-1.7e-02  +8.83e-04+-8.9e-03
        matrix   1600   -3.05e-01+-1.0e-03  -1.14e+00+-4.2e-03  -1.47e+00+-6.7e-03  -2.20e+00+-8.7e-03  -2.69e+00+-1.1e-02
                drift   -9.47e-04+-4.8e-04  -2.96e-03+-7.6e-04  +9.83e-04+-1.4e-03  -3.49e-03+-2.0e-03  +4.50e-03+-1.1e-03
