
===== lorenz  dim=306  p=3  K=400  maxit=1000 =====
                   variant   energy  thEnrgy    moved   SteinR    thErr  sdrat   whsd   band profile (soft -> stiff)         sec
        START fit() sample   0.0972   0.0113   0.0000   1.0173   0.0710  0.984  1.002    0.992  0.981  0.994  1.025  1.023       0.0
          standard, 100 it   5.4742   0.1232   5.5802   0.0383   0.5522  0.919  0.186    0.245  0.011  0.004  0.013  0.004       7.9
          standard, 200 it   5.7727   0.4277   5.8813   0.0284   1.0384  0.867  0.172    0.212  0.012  0.004  0.018  0.003      15.8
          standard, 500 it   5.9394   0.8707   6.0411   0.0236   1.5221  0.763  0.166    0.201  0.015  0.006  0.023  0.003      39.5
         standard, 1000 it   5.9638   1.0629   6.0668   0.0224   1.6922  0.722  0.169    0.203  0.016  0.006  0.025  0.003      79.0
        reweighted, 100 it   4.2797   0.0167   4.4315   0.3157   0.1441  0.975  0.425    0.488  0.200  0.382  0.202  0.370       6.4
        reweighted, 200 it   6.3538   0.0210   6.4949   0.4317   0.1373  0.986  0.432    0.477  0.382  0.675  0.315  0.356      12.9
        reweighted, 500 it   3.9169   0.0388   4.0447   0.3182   0.2464  1.002  0.411    0.545  0.268  0.354  0.240  0.292      32.2
       reweighted, 1000 it   3.8382   0.0299   3.9379   0.2677   0.1908  1.031  0.373    0.653  0.219  0.240  0.182  0.142      64.4
            matrix, 100 it   5.4923   0.1466   5.6039   0.0383   0.6024  0.911  0.189    0.239  0.013  0.005  0.015  0.007       6.3
            matrix, 200 it   5.7689   0.3138   5.8704   0.0303   0.8835  0.859  0.172    0.202  0.013  0.006  0.017  0.006      12.6
            matrix, 500 it   6.0738   0.7486   6.1756   0.0220   1.3671  0.776  0.152    0.181  0.014  0.005  0.020  0.003      31.4
           matrix, 1000 it   6.1037   1.0487   6.2064   0.0207   1.6407  0.724  0.151    0.180  0.016  0.006  0.024  0.003      62.8
           precond, 100 it   1.5103   0.0644   1.5555   0.3101   0.1102  0.751  0.538    0.175  0.153  0.232  0.385  0.679       6.0
           precond, 200 it   1.8980   0.0582   1.9712   0.2365   0.1427  0.925  0.397    0.217  0.048  0.074  0.204  0.825      11.9
           precond, 500 it   1.4422   0.1735   1.5505   0.2556   0.3187  1.190  0.459    0.470  0.056  0.031  0.149  1.095      29.8
          precond, 1000 it   1.1865   0.3058   1.3185   0.2622   0.3835  1.410  0.556    0.754  0.096  0.034  0.153  1.215      59.6
  FLOOR: K=400 exact draws   0.0783   0.0045            1.0000   0.0405  1.000  1.000    0.996  0.997  0.998  1.000  1.005
