
====================================================================================================
baseline  s=0.2 stride1
  NUTS 4x3000 on CPU in 381s   max Rhat=1.0019  divergences=0
                  N(MAP, H^-1) energy=  1.2420  bias= 0.311  dev=  8.3  sdrat=0.987  profile=[0.949 0.962 1.085 1.026 1.087]
N(REFmean, H^-1)  <- Gaussianity energy=  0.0494  bias= 0.035  dev=  6.9  sdrat=0.987  profile=[0.952 0.95  1.088 1.014 1.078]
            NUTS k=800 (floor) energy=  0.0442  bias= 0.034  dev=  4.4  sdrat=1.034  profile=[1.007 0.996 0.986 1.001 1.   ]
  x-space reweighted (current) energy=  3.6327  bias= 0.192  dev=  6.0  sdrat=1.054  profile=[0.447 0.231 0.139 0.06  0.217]
      whitened IMQ @R<=1 (new) energy=  0.0514  bias= 0.039  dev= 12.4  sdrat=0.928  profile=[0.899 0.945 1.034 0.971 1.03 ]

====================================================================================================
half-obs  s=0.2 stride2
  NUTS 4x3000 on CPU in 445s   max Rhat=1.0024  divergences=0
                  N(MAP, H^-1) energy=  1.6051  bias= 0.355  dev= 12.8  sdrat=1.016  profile=[0.97  0.967 1.08  1.023 1.092]
N(REFmean, H^-1)  <- Gaussianity energy=  0.0512  bias= 0.035  dev= 11.5  sdrat=1.015  profile=[0.991 0.962 1.079 1.016 1.089]
            NUTS k=800 (floor) energy=  0.0454  bias= 0.035  dev=  4.4  sdrat=1.017  profile=[0.995 0.994 0.99  1.    1.   ]
  x-space reweighted (current) energy=  2.4103  bias= 0.146  dev= 14.3  sdrat=1.072  profile=[0.613 0.103 0.148 0.173 0.571]
      whitened IMQ @R<=1 (new) energy=  0.1302  bias= 0.088  dev= 15.0  sdrat=0.904  profile=[0.891 0.924 1.05  0.955 1.033]

====================================================================================================
quarter   s=0.2 stride4
  NUTS 4x3000 on CPU in 516s   max Rhat=1.0036  divergences=0
                  N(MAP, H^-1) energy=  2.3255  bias= 0.430  dev= 20.7  sdrat=0.819  profile=[0.95  0.961 1.064 1.022 1.079]
N(REFmean, H^-1)  <- Gaussianity energy=  0.0502  bias= 0.035  dev= 20.4  sdrat=0.816  profile=[0.95  0.966 1.066 1.013 1.088]
            NUTS k=800 (floor) energy=  0.0476  bias= 0.036  dev=  2.8  sdrat=0.995  profile=[1.003 1.007 0.991 1.003 0.99 ]
  x-space reweighted (current) energy=  2.2358  bias= 0.149  dev=  9.3  sdrat=0.871  profile=[0.726 0.137 0.071 0.235 0.562]
      whitened IMQ @R<=1 (new) energy=  0.3779  bias= 0.163  dev= 31.4  sdrat=0.707  profile=[0.847 0.919 1.025 0.965 1.049]

====================================================================================================
noisy     s=0.5 stride1
  NUTS 4x3000 on CPU in 515s   max Rhat=1.0069  divergences=0
Traceback (most recent call last):
  File "/home/jamie/storage-1/github-repos/magi_msvgd/investigation2/exp10_generalize.py", line 147, in <module>
    json.dump(allres, f, indent=2)
    
  File "/home/jamie/storage-1/github-repos/magi_msvgd/investigation2/exp10_generalize.py", line 138, in main
    sc = float(-np.sum((X - X.mean(0)) * np.asarray(m32.gradient(
        ^^^^^^^^^^^^^^^^^^^^^^^^^^^^^^^^^^^^^^^^^
  File "/home/jamie/storage-1/github-repos/magi_msvgd/investigation2/exp10_generalize.py", line 38, in score
    rng = np.random.default_rng(1)
                         ^^^^^^^^
IndexError: too many indices for array: array is 0-dimensional, but 2 were indexed
