                   variant            width%NUTS   dev  R_glob   R_th  energy   bias  sdrat               profile soft->stiff
-----------------------------------------------------------------------------------------------------------------------------
        whitened block B=1      [86.7 93.1 87.1]  11.0   1.010  1.278   0.078  0.059  0.949   [0.911 0.96  0.977 0.994 1.01 ]
        whitened block B=5      [83.5 88.5 85.9]  14.1   0.985  1.147   0.578  0.206  0.910   [0.889 0.94  0.977 0.967 0.992]
       whitened block B=13      [83.4 86.6 85.4]  14.8   0.978  1.090   1.048  0.281  0.906   [0.884 0.938 0.969 0.946 0.966]
       whitened block B=25      [83.4 87.4 85.7]  14.5   0.983  1.083   1.204  0.302  0.909   [0.889 0.938 0.968 0.942 0.956]
       whitened block B=65      [83.8 87.5 85.8]  14.3   0.987  1.077   1.296  0.314  0.912   [0.891 0.937 0.967 0.942 0.955]
      whitened block B=325      [84.1 87.7 85.8]  14.1   0.990  1.077   1.332  0.318  0.913   [0.891 0.937 0.967 0.942 0.954]

x-space block B=1     DIVERGED
x-space block B=5     DIVERGED
x-space block B=13    DIVERGED
x-space block B=25    DIVERGED
x-space block B=65    DIVERGED
x-space block B=325   DIVERGED

particle-count scaling, ordinary x-space SVGD (2000 iters, lr 1e-4)
        x-space SVGD k=200      [82.  94.  89.1]  11.6   0.056  0.077   5.377  0.070  0.868   [0.138 0.01  0.006 0.001 0.   ]
        x-space SVGD k=800      [88.6 96.7 89.4]   8.4   0.180  0.137   3.186  0.071  0.927   [0.499 0.157 0.124 0.001 0.001]
       x-space SVGD k=3200   [ 89.8 101.3  90.2]   7.1   0.433  0.414   1.277  0.073  0.967   [0.756 0.573 0.537 0.014 0.004]
        NUTS k=800 (floor)   [103.2  95.   97.7]   3.5   1.003  0.975   0.048  0.034  1.003   [0.995 1.01  0.999 1.009 1.   ]

saved -> exp12_blocked_results.json
